> Task :app:preBuild UP-TO-DATE
> Task :app:preDebugBuild UP-TO-DATE
> Task :app:mergeDebugNativeDebugMetadata NO-SOURCE
> Task :app:generateDebugResources UP-TO-DATE
> Task :app:packageDebugResources UP-TO-DATE
> Task :app:processDebugNavigationResources UP-TO-DATE
> Task :app:parseDebugLocalResources UP-TO-DATE
> Task :app:generateDebugRFile UP-TO-DATE
> Task :app:javaPreCompileDebug UP-TO-DATE
> Task :app:generateDebugAssets UP-TO-DATE
> Task :app:mergeDebugAssets UP-TO-DATE
> Task :app:compressDebugAssets UP-TO-DATE
> Task :app:checkDebugDuplicateClasses UP-TO-DATE
> Task :app:desugarDebugFileDependencies UP-TO-DATE
> Task :app:mergeExtDexDebug UP-TO-DATE
> Task :app:mergeLibDexDebug UP-TO-DATE
> Task :app:checkDebugAarMetadata UP-TO-DATE
> Task :app:mapDebugSourceSetPaths UP-TO-DATE
> Task :app:compileDebugNavigationResources UP-TO-DATE
> Task :app:mergeDebugResources UP-TO-DATE
> Task :app:createDebugCompatibleScreenManifests UP-TO-DATE
> Task :app:extractDeepLinksDebug UP-TO-DATE
> Task :app:processDebugMainManifest UP-TO-DATE
> Task :app:processDebugManifest UP-TO-DATE
> Task :app:processDebugManifestForPackage UP-TO-DATE
> Task :app:processDebugResources UP-TO-DATE
> Task :app:mergeDebugJniLibFolders UP-TO-DATE
> Task :app:mergeDebugNativeLibs UP-TO-DATE
> Task :app:stripDebugDebugSymbols UP-TO-DATE
> Task :app:validateSigningDebug UP-TO-DATE
> Task :app:writeDebugAppMetadata UP-TO-DATE
> Task :app:writeDebugSigningConfigVersions UP-TO-DATE

> Task :app:compileDebugKotlin FAILED
.\gradlew : e: file:///D:/ostromgep%20
app/app/src/main/java/com/ateszk0/ostr
omgep/ui/screens/WorkoutLogScreen.kt:2
17:45 No parameter with name 'totalExe
rcises' found.
At line:1 char:1
+ .\gradlew assembleDebug > build_outp
ut.log 2>&1
+ ~~~~~~~~~~~~~~~~~~~~~~~~~~~~~~~~~~~~
~~~~~~~~~~~
    + CategoryInfo          : NotSpec 
   ified: (e: file:///D:/o...ercises  
  ' found.:String) [], RemoteExcept   
 ion
    + FullyQualifiedErrorId : NativeC 
   ommandError
 
e: file:///D:/ostromgep%20app/app/src/
main/java/com/ateszk0/ostromgep/ui/scr
eens/WorkoutLogScreen.kt:221:45 No par
ameter with name 'onUpdateSet' found.
e: file:///D:/ostromgep%20app/app/src/
main/java/com/ateszk0/ostromgep/ui/scr
eens/WorkoutLogScreen.kt:222:45 No par
ameter with name 'onToggleComplete' fo
und.
e: file:///D:/ostromgep%20app/app/src/
main/java/com/ateszk0/ostromgep/ui/scr
eens/WorkoutLogScreen.kt:225:45 No par
ameter with name 'onRestTimeChange' fo
und.
e: file:///D:/ostromgep%20app/app/src/
main/java/com/ateszk0/ostromgep/ui/scr
eens/WorkoutLogScreen.kt:227:45 No par
ameter with name 'onNoteChange' found.
e: file:///D:/ostromgep%20app/app/src/
main/java/com/ateszk0/ostromgep/ui/scr
eens/WorkoutLogScreen.kt:228:45 No par
ameter with name 'onRemove' found.
e: file:///D:/ostromgep%20app/app/src/
main/java/com/ateszk0/ostromgep/ui/scr
eens/WorkoutLogScreen.kt:232:45 No par
ameter with name 'onRequestRpe' found.
e: file:///D:/ostromgep%20app/app/src/
main/java/com/ateszk0/ostromgep/ui/scr
eens/WorkoutLogScreen.kt:232:45 No val
ue passed for parameter 'total'.
e: file:///D:/ostromgep%20app/app/src/
main/java/com/ateszk0/ostromgep/ui/scr
eens/WorkoutLogScreen.kt:232:45 No val
ue passed for parameter 'onSetUpdate'.
e: file:///D:/ostromgep%20app/app/src/
main/java/com/ateszk0/ostromgep/ui/scr
eens/WorkoutLogScreen.kt:232:45 No val
ue passed for parameter 'onSetComplete
Toggle'.
e: file:///D:/ostromgep%20app/app/src/
main/java/com/ateszk0/ostromgep/ui/scr
eens/WorkoutLogScreen.kt:232:45 No val
ue passed for parameter 'onUpdateRestT
ime'.
e: file:///D:/ostromgep%20app/app/src/
main/java/com/ateszk0/ostromgep/ui/scr
eens/WorkoutLogScreen.kt:232:45 No val
ue passed for parameter 'onNoteUpdate'
.
e: file:///D:/ostromgep%20app/app/src/
main/java/com/ateszk0/ostromgep/ui/scr
eens/WorkoutLogScreen.kt:232:45 No val
ue passed for parameter 'onDeleteExerc
ise'.
e: file:///D:/ostromgep%20app/app/src/
main/java/com/ateszk0/ostromgep/ui/scr
eens/WorkoutLogScreen.kt:232:45 No val
ue passed for parameter 'onRpeClick'.

FAILURE: Build failed with an exceptio
n.

* What went wrong:
Execution failed for task ':app:compil
eDebugKotlin'.
> A failure occurred while executing o
rg.jetbrains.kotlin.compilerRunner.Gra
dleCompilerRunnerWithWorkers$GradleKot
linCompilerWorkAction
   > Compilation error. See log for mo
re details

* Try:
> Run with --stacktrace option to get 
the stack trace.
> Run with --info or --debug option to
 get more log output.
> Run with --scan to get full insights
 from a Build Scan (powered by Develoc
ity).
> Get more help at https://help.gradle
.org.

BUILD FAILED in 8s
29 actionable tasks: 1 executed, 28 up-to-date
